Fatal error: exception File "src/res_parser.ml", line 56, characters 24-30: Assertion failed
