let x = {}

let f = (a, b) => {}

if x {
  ()
} else if y {
  ()
} else {
  ()
}

while true {
  ()
}

switch x {
| 1 => ()
}
